// Jest Snapshot v1, https://goo.gl/fbAQLP

exports[`Checkbox component matches the snapshot 1`] = `
<DocumentFragment>
  <button
    aria-checked="false"
    class="peer border-primary focus-visible:ring-ring data-[state=checked]:bg-primary data-[state=checked]:text-primary-foreground h-5 w-5 shrink-0 rounded-sm border shadow-sm focus-visible:ring-1 focus-visible:outline-hidden disabled:cursor-not-allowed disabled:opacity-50"
    data-state="unchecked"
    role="checkbox"
    type="button"
    value="on"
  />
</DocumentFragment>
`;
