// Jest Snapshot v1, https://goo.gl/fbAQLP

exports[`HeaderDropdown component matches snapshot 1`] = `
<DocumentFragment>
  <div
    aria-expanded="false"
    aria-haspopup="menu"
    class="hover:cursor-pointer flex items-center pl-4 gap-4 space-x-2"
    data-state="closed"
    data-testid="header-dropdown-trigger"
    id="radix-:r0:"
    type="button"
  >
    <span
      class="relative flex h-10 w-10 shrink-0 overflow-hidden rounded-full"
    >
      <span
        class="flex h-full w-full items-center justify-center rounded-full bg-muted"
      >
        HF
      </span>
    </span>
    <div
      class="text-background dark:text-foreground"
    >
      <div>
        Henry Fafenback
      </div>
      <div
        class="block text-sm"
      >
        sbarre@alinto.eu
      </div>
    </div>
  </div>
</DocumentFragment>
`;
