// Jest Snapshot v1, https://jestjs.io/docs/snapshot-testing

exports[`HeaderDropdown component matches snapshot 1`] = `
<DocumentFragment>
  <div>
    <div
      class="hover:cursor-pointer"
      data-testid="header-dropdown-trigger"
    >
      <div
        class="avatar"
      >
        <span>
          JD
        </span>
      </div>
      <div
        class="text-muted-foreground dark:text-foreground text-sm"
      >
        <div>
          John Doe
        </div>
        <div
          class="block text-sm"
        >
          jdoe@sogo.nu
        </div>
      </div>
    </div>
  </div>
</DocumentFragment>
`;
