// Jest Snapshot v1, https://jestjs.io/docs/snapshot-testing

exports[`Sheet Component matches the snapshot 1`] = `
<DocumentFragment>
  <button
    aria-controls="radix-_r_3_"
    aria-expanded="false"
    aria-haspopup="dialog"
    data-state="closed"
    type="button"
  >
    Open Sheet
  </button>
</DocumentFragment>
`;
