// Jest Snapshot v1, https://jestjs.io/docs/snapshot-testing

exports[`Sidebar Components matches snapshot for SidebarMenuSubItem 1`] = `
<DocumentFragment>
  <div>
    <div
      class="group/sidebar-wrapper has-data-[variant=inset]:bg-sidebar flex min-h-svh w-full min-w-0 overflow-x-hidden"
      style="--sidebar-width: 17rem; --sidebar-width-icon: 3rem;"
    >
      <div
        class="group peer text-sidebar-foreground hidden md:block"
        data-collapsible=""
        data-side="left"
        data-state="expanded"
        data-variant="sidebar"
      >
        <div
          class="relative h-svh w-(--sidebar-width) bg-transparent transition-[width] duration-200 ease-linear group-data-[collapsible=offcanvas]:w-0 group-data-[side=right]:rotate-180 group-data-[collapsible=icon]:w-(--sidebar-width-icon)"
        />
        <div
          class="bg-sidebar fixed inset-y-0 z-30 hidden h-svh w-(--sidebar-width) transition-[left,right,width] duration-200 ease-linear md:flex left-0 group-data-[collapsible=offcanvas]:left-[calc(var(--sidebar-width)*-1)] group-data-[collapsible=icon]:w-(--sidebar-width-icon) group-data-[side=right]:border-l"
        >
          <div
            class="group-data-[variant=floating]:border-sidebar-border flex h-full w-full flex-col group-data-[variant=floating]:rounded-lg group-data-[variant=floating]:border group-data-[variant=floating]:shadow-sm"
            data-sidebar="sidebar"
          >
            <ul
              class="flex w-full min-w-0 flex-col gap-1"
              data-sidebar="menu"
            >
              <ul
                class="border-sidebar-border mx-3.5 flex min-w-0 translate-x-px flex-col gap-1 border-l px-2.5 py-0.5 group-data-[collapsible=icon]:hidden"
                data-sidebar="menu-sub"
              >
                <span>
                  Sub Item
                </span>
              </ul>
            </ul>
          </div>
        </div>
      </div>
    </div>
  </div>
</DocumentFragment>
`;
