// Jest Snapshot v1, https://goo.gl/fbAQLP

exports[`ListSkeleton Component matches the snapshot 1`] = `
<DocumentFragment>
  <div
    class="flex flex-col w-full md:w-1/2 lg:w-2/5 p-4 rounded"
    role="list-skeleton"
  >
    <div
      class="flex flex-row items-center justify-between text-gray-500"
      role="header-skeleton"
    >
      <div
        class="animate-pulse rounded-md bg-primary/10 h-6 w-1/8"
        role="header-item-skeleton"
      />
      <div
        class="animate-pulse rounded-md bg-primary/10 h-6 w-1/8"
        role="header-item-skeleton"
      />
    </div>
    <ul
      class="mt-4"
    >
      <li>
        <div
          class="animate-pulse bg-primary/10 flex h-14 flex-row items-center my-1 gap-2 p-2 rounded-full"
          role="item-skeleton"
        />
      </li>
      <li>
        <div
          class="animate-pulse bg-primary/10 flex h-14 flex-row items-center my-1 gap-2 p-2 rounded-full"
          role="item-skeleton"
        />
      </li>
      <li>
        <div
          class="animate-pulse bg-primary/10 flex h-14 flex-row items-center my-1 gap-2 p-2 rounded-full"
          role="item-skeleton"
        />
      </li>
      <li>
        <div
          class="animate-pulse bg-primary/10 flex h-14 flex-row items-center my-1 gap-2 p-2 rounded-full"
          role="item-skeleton"
        />
      </li>
      <li>
        <div
          class="animate-pulse bg-primary/10 flex h-14 flex-row items-center my-1 gap-2 p-2 rounded-full"
          role="item-skeleton"
        />
      </li>
    </ul>
  </div>
</DocumentFragment>
`;

exports[`MailListSkeleton Component matches the snapshot 1`] = `
<DocumentFragment>
  <div
    class="flex h-full w-full flex-col"
  >
    <div
      class="bg-background flex items-center gap-2 border-b px-6 py-3"
    >
      <div
        class="bg-primary/10 animate-pulse h-5 w-5 rounded-sm"
      />
      <div
        class="bg-primary/10 animate-pulse rounded-md h-5 w-32"
      />
      <div
        class="bg-primary/10 animate-pulse rounded-md h-5 w-16"
      />
      <div
        class="flex-1"
      />
      <div
        class="bg-primary/10 animate-pulse h-8 w-32 rounded-md"
      />
      <div
        class="bg-primary/10 animate-pulse h-8 w-8 rounded-md"
      />
      <div
        class="bg-primary/10 animate-pulse h-8 w-16 rounded-md"
      />
    </div>
    <div
      class="flex flex-col"
    >
      <div
        class="flex items-center px-6 py-3 bg-muted/40"
      >
        <div
          class="bg-primary/10 animate-pulse mr-4 h-8 w-8 rounded-full"
        />
        <div
          class="bg-primary/10 animate-pulse h-5 w-32 rounded"
        />
        <div
          class="bg-primary/10 animate-pulse ml-4 h-5 w-64 rounded"
        />
        <div
          class="bg-primary/10 animate-pulse ml-4 h-5 w-5 rounded"
        />
        <div
          class="flex-1"
        />
        <div
          class="bg-primary/10 animate-pulse ml-4 h-5 w-16 rounded"
        />
      </div>
      <div
        class="flex items-center px-6 py-3 "
      >
        <div
          class="bg-primary/10 animate-pulse mr-4 h-8 w-8 rounded-full"
        />
        <div
          class="bg-primary/10 animate-pulse h-5 w-32 rounded"
        />
        <div
          class="bg-primary/10 animate-pulse ml-4 h-5 w-64 rounded"
        />
        <div
          class="bg-primary/10 animate-pulse ml-4 h-5 w-5 rounded"
        />
        <div
          class="flex-1"
        />
        <div
          class="bg-primary/10 animate-pulse ml-4 h-5 w-16 rounded"
        />
      </div>
      <div
        class="flex items-center px-6 py-3 bg-muted/40"
      >
        <div
          class="bg-primary/10 animate-pulse mr-4 h-8 w-8 rounded-full"
        />
        <div
          class="bg-primary/10 animate-pulse h-5 w-32 rounded"
        />
        <div
          class="bg-primary/10 animate-pulse ml-4 h-5 w-64 rounded"
        />
        <div
          class="bg-primary/10 animate-pulse ml-4 h-5 w-5 rounded"
        />
        <div
          class="flex-1"
        />
        <div
          class="bg-primary/10 animate-pulse ml-4 h-5 w-16 rounded"
        />
      </div>
      <div
        class="flex items-center px-6 py-3 "
      >
        <div
          class="bg-primary/10 animate-pulse mr-4 h-8 w-8 rounded-full"
        />
        <div
          class="bg-primary/10 animate-pulse h-5 w-32 rounded"
        />
        <div
          class="bg-primary/10 animate-pulse ml-4 h-5 w-64 rounded"
        />
        <div
          class="bg-primary/10 animate-pulse ml-4 h-5 w-5 rounded"
        />
        <div
          class="flex-1"
        />
        <div
          class="bg-primary/10 animate-pulse ml-4 h-5 w-16 rounded"
        />
      </div>
      <div
        class="flex items-center px-6 py-3 bg-muted/40"
      >
        <div
          class="bg-primary/10 animate-pulse mr-4 h-8 w-8 rounded-full"
        />
        <div
          class="bg-primary/10 animate-pulse h-5 w-32 rounded"
        />
        <div
          class="bg-primary/10 animate-pulse ml-4 h-5 w-64 rounded"
        />
        <div
          class="bg-primary/10 animate-pulse ml-4 h-5 w-5 rounded"
        />
        <div
          class="flex-1"
        />
        <div
          class="bg-primary/10 animate-pulse ml-4 h-5 w-16 rounded"
        />
      </div>
      <div
        class="flex items-center px-6 py-3 "
      >
        <div
          class="bg-primary/10 animate-pulse mr-4 h-8 w-8 rounded-full"
        />
        <div
          class="bg-primary/10 animate-pulse h-5 w-32 rounded"
        />
        <div
          class="bg-primary/10 animate-pulse ml-4 h-5 w-64 rounded"
        />
        <div
          class="bg-primary/10 animate-pulse ml-4 h-5 w-5 rounded"
        />
        <div
          class="flex-1"
        />
        <div
          class="bg-primary/10 animate-pulse ml-4 h-5 w-16 rounded"
        />
      </div>
      <div
        class="flex items-center px-6 py-3 bg-muted/40"
      >
        <div
          class="bg-primary/10 animate-pulse mr-4 h-8 w-8 rounded-full"
        />
        <div
          class="bg-primary/10 animate-pulse h-5 w-32 rounded"
        />
        <div
          class="bg-primary/10 animate-pulse ml-4 h-5 w-64 rounded"
        />
        <div
          class="bg-primary/10 animate-pulse ml-4 h-5 w-5 rounded"
        />
        <div
          class="flex-1"
        />
        <div
          class="bg-primary/10 animate-pulse ml-4 h-5 w-16 rounded"
        />
      </div>
      <div
        class="flex items-center px-6 py-3 "
      >
        <div
          class="bg-primary/10 animate-pulse mr-4 h-8 w-8 rounded-full"
        />
        <div
          class="bg-primary/10 animate-pulse h-5 w-32 rounded"
        />
        <div
          class="bg-primary/10 animate-pulse ml-4 h-5 w-64 rounded"
        />
        <div
          class="bg-primary/10 animate-pulse ml-4 h-5 w-5 rounded"
        />
        <div
          class="flex-1"
        />
        <div
          class="bg-primary/10 animate-pulse ml-4 h-5 w-16 rounded"
        />
      </div>
      <div
        class="flex items-center px-6 py-3 bg-muted/40"
      >
        <div
          class="bg-primary/10 animate-pulse mr-4 h-8 w-8 rounded-full"
        />
        <div
          class="bg-primary/10 animate-pulse h-5 w-32 rounded"
        />
        <div
          class="bg-primary/10 animate-pulse ml-4 h-5 w-64 rounded"
        />
        <div
          class="bg-primary/10 animate-pulse ml-4 h-5 w-5 rounded"
        />
        <div
          class="flex-1"
        />
        <div
          class="bg-primary/10 animate-pulse ml-4 h-5 w-16 rounded"
        />
      </div>
      <div
        class="flex items-center px-6 py-3 "
      >
        <div
          class="bg-primary/10 animate-pulse mr-4 h-8 w-8 rounded-full"
        />
        <div
          class="bg-primary/10 animate-pulse h-5 w-32 rounded"
        />
        <div
          class="bg-primary/10 animate-pulse ml-4 h-5 w-64 rounded"
        />
        <div
          class="bg-primary/10 animate-pulse ml-4 h-5 w-5 rounded"
        />
        <div
          class="flex-1"
        />
        <div
          class="bg-primary/10 animate-pulse ml-4 h-5 w-16 rounded"
        />
      </div>
      <div
        class="flex items-center px-6 py-3 bg-muted/40"
      >
        <div
          class="bg-primary/10 animate-pulse mr-4 h-8 w-8 rounded-full"
        />
        <div
          class="bg-primary/10 animate-pulse h-5 w-32 rounded"
        />
        <div
          class="bg-primary/10 animate-pulse ml-4 h-5 w-64 rounded"
        />
        <div
          class="bg-primary/10 animate-pulse ml-4 h-5 w-5 rounded"
        />
        <div
          class="flex-1"
        />
        <div
          class="bg-primary/10 animate-pulse ml-4 h-5 w-16 rounded"
        />
      </div>
      <div
        class="flex items-center px-6 py-3 "
      >
        <div
          class="bg-primary/10 animate-pulse mr-4 h-8 w-8 rounded-full"
        />
        <div
          class="bg-primary/10 animate-pulse h-5 w-32 rounded"
        />
        <div
          class="bg-primary/10 animate-pulse ml-4 h-5 w-64 rounded"
        />
        <div
          class="bg-primary/10 animate-pulse ml-4 h-5 w-5 rounded"
        />
        <div
          class="flex-1"
        />
        <div
          class="bg-primary/10 animate-pulse ml-4 h-5 w-16 rounded"
        />
      </div>
      <div
        class="flex items-center px-6 py-3 bg-muted/40"
      >
        <div
          class="bg-primary/10 animate-pulse mr-4 h-8 w-8 rounded-full"
        />
        <div
          class="bg-primary/10 animate-pulse h-5 w-32 rounded"
        />
        <div
          class="bg-primary/10 animate-pulse ml-4 h-5 w-64 rounded"
        />
        <div
          class="bg-primary/10 animate-pulse ml-4 h-5 w-5 rounded"
        />
        <div
          class="flex-1"
        />
        <div
          class="bg-primary/10 animate-pulse ml-4 h-5 w-16 rounded"
        />
      </div>
      <div
        class="flex items-center px-6 py-3 "
      >
        <div
          class="bg-primary/10 animate-pulse mr-4 h-8 w-8 rounded-full"
        />
        <div
          class="bg-primary/10 animate-pulse h-5 w-32 rounded"
        />
        <div
          class="bg-primary/10 animate-pulse ml-4 h-5 w-64 rounded"
        />
        <div
          class="bg-primary/10 animate-pulse ml-4 h-5 w-5 rounded"
        />
        <div
          class="flex-1"
        />
        <div
          class="bg-primary/10 animate-pulse ml-4 h-5 w-16 rounded"
        />
      </div>
      <div
        class="flex items-center px-6 py-3 bg-muted/40"
      >
        <div
          class="bg-primary/10 animate-pulse mr-4 h-8 w-8 rounded-full"
        />
        <div
          class="bg-primary/10 animate-pulse h-5 w-32 rounded"
        />
        <div
          class="bg-primary/10 animate-pulse ml-4 h-5 w-64 rounded"
        />
        <div
          class="bg-primary/10 animate-pulse ml-4 h-5 w-5 rounded"
        />
        <div
          class="flex-1"
        />
        <div
          class="bg-primary/10 animate-pulse ml-4 h-5 w-16 rounded"
        />
      </div>
      <div
        class="flex items-center px-6 py-3 "
      >
        <div
          class="bg-primary/10 animate-pulse mr-4 h-8 w-8 rounded-full"
        />
        <div
          class="bg-primary/10 animate-pulse h-5 w-32 rounded"
        />
        <div
          class="bg-primary/10 animate-pulse ml-4 h-5 w-64 rounded"
        />
        <div
          class="bg-primary/10 animate-pulse ml-4 h-5 w-5 rounded"
        />
        <div
          class="flex-1"
        />
        <div
          class="bg-primary/10 animate-pulse ml-4 h-5 w-16 rounded"
        />
      </div>
    </div>
  </div>
</DocumentFragment>
`;
